  test.cpp
D:\github\初阶函数模板\初阶函数模板\test.cpp(175,25): warning C4267: “参数”: 从“size_t”转换到“int”，可能丢失数据
      D:\github\初阶函数模板\初阶函数模板\test.cpp(175,25):
      模板实例化上下文(最早的实例化上下文)为
          D:\github\初阶函数模板\初阶函数模板\test.cpp(236,51):
          查看对正在编译的 类 模板 实例化“man::priority_queue<int,std::vector<int,std::allocator<int>>,Less<int>>”的引用
          D:\github\初阶函数模板\初阶函数模板\test.cpp(171,8):
          在编译 类 模板 成员函数“void man::priority_queue<int,std::vector<int,std::allocator<int>>,Less<int>>::push(const T &)”时
          with
          [
              T=int
          ]
              D:\github\初阶函数模板\初阶函数模板\test.cpp(237,9):
              请参阅 "main" 中对 "man::priority_queue<int,std::vector<int,std::allocator<int>>,Less<int>>::push" 的第一个引用
  
D:\github\初阶函数模板\初阶函数模板\test.cpp(197,15): warning C4267: “=”: 从“size_t”转换到“int”，可能丢失数据
      D:\github\初阶函数模板\初阶函数模板\test.cpp(197,15):
      模板实例化上下文(最早的实例化上下文)为
          D:\github\初阶函数模板\初阶函数模板\test.cpp(178,8):
          在编译 类 模板 成员函数“void man::priority_queue<int,std::vector<int,std::allocator<int>>,Less<int>>::AdjustDown(int)”时
              D:\github\初阶函数模板\初阶函数模板\test.cpp(211,14):
              请参阅 "man::priority_queue<int,std::vector<int,std::allocator<int>>,Less<int>>::pop" 中对 "man::priority_queue<int,std::vector<int,std::allocator<int>>,Less<int>>::AdjustDown" 的第一个引用
              D:\github\初阶函数模板\初阶函数模板\test.cpp(247,9):
              请参阅 "main" 中对 "man::priority_queue<int,std::vector<int,std::allocator<int>>,Less<int>>::pop" 的第一个引用
  
  初阶函数模板.vcxproj -> D:\github\初阶函数模板\x64\Debug\初阶函数模板.exe
