D:\vs20222\MSBuild\Microsoft\VC\v170\Microsoft.CppBuild.targets(538,5): warning MSB8028: 中间目录(x64\Debug\)包含从另一个项目(C++.vcxproj)共享的文件。   这会导致错误的清除和重新生成行为。
  first.cpp
D:\github\C++\C++\first.cpp(84,2): error C2665: “swwap”: 没有重载函数可以转换所有参数类型
      D:\github\C++\C++\first.cpp(58,5):
      可能是“int swwap(int &,int &)”
          D:\github\C++\C++\first.cpp(84,2):
          “int swwap(int &,int &)”: 无法将参数 1 从“float”转换为“int &”
      D:\github\C++\C++\first.cpp(50,6):
      或    “void swwap<float>(T &,T &)”
          with
          [
              T=float
          ]
          D:\github\C++\C++\first.cpp(84,2):
          “void swwap<float>(T &,T &)”: 无法将参数 2 从“float”转换为“T &”
          with
          [
              T=float
          ]
              D:\github\C++\C++\first.cpp(84,20):
              非常量引用只能绑定到左值
      D:\github\C++\C++\first.cpp(84,2):
      尝试匹配参数列表“(float, float)”时
  
